{
  "name": "Accessibility Test App",
  "role": "application",
  "children": [
    {
      "name": "Accessibility Test App",
      "role": "genericContainer",
      "children": [
        {
          "name": "Accessibility Test App",
          "role": "staticText"
        },
        {
          "name": "OFF",
          "role": "toggleButton"
        },
        {
          "name": "CheckBox",
          "role": "checkBox"
        },
        {
          "name": "seekBar",
          "role": "slider"
        },
        {
          "name": "seekBarDiscrete",
          "role": "slider"
        },
        {
          "name": "ANNOUNCE",
          "role": "button"
        },
        {
          "name": "CLICK TO SHOW TOAST",
          "role": "button"
        },
        {
          "role": "genericContainer"
        }
      ]
    }
  ]
}
