name=Accessibility Sample role=application
++role=genericContainer
++++name=Accessibility Sample role=staticText
++++name=OFF role=toggleButton
++++name=CheckBox role=checkBox
++++name=seekBar role=slider
++++name=seekBarDiscrete role=slider
